2026-08-17 09:00:33.305: [INFO] CurrentProfilePath: D:\Adv Java Code\.metadata\.plugins\org.eclipse.swt\EBWebView\Default
2026-08-17 09:00:33.305: [INFO] Profiles total count: 1
2026-08-17 09:00:33.305: [INFO] Profile: name=Profile 1 path=D:\Adv Java Code\.metadata\.plugins\org.eclipse.swt\EBWebView\Default lastActive=null
2026-08-17 09:00:33.305: [INFO] LastUsedProfileDir: D:\Adv Java Code\.metadata\.plugins\org.eclipse.swt\EBWebView\Default
2026-08-17 09:00:33.305: [INFO] OnDoneLoading sync enabled: 0
2026-08-17 09:00:33.305: [INFO] BookmarkModelLoaded, ids_reassigned: 0
2026-08-17 09:00:33.305: [INFO] BookmarksLoadDropped droppedNodes=0
2026-08-17 09:00:33.305: [INFO] BookmarksSnapshot Startup total=0 bar=0 other=0 mobile=0 showBar=0 showBarNTP=1
2026-08-17 09:00:44.590: [INFO] BookmarksSnapshot Shutdown total=0 bar=0 other=0 mobile=0 showBar=0 showBarNTP=1
2026-08-17 09:03:25.855: [INFO] CurrentProfilePath: D:\Adv Java Code\.metadata\.plugins\org.eclipse.swt\EBWebView\Default
2026-08-17 09:03:25.855: [INFO] Profiles total count: 1
2026-08-17 09:03:25.855: [INFO] Profile: name=Profile 1 path=D:\Adv Java Code\.metadata\.plugins\org.eclipse.swt\EBWebView\Default lastActive=2026-08-17T09:00:33.662Z
2026-08-17 09:03:25.855: [INFO] LastUsedProfileDir: D:\Adv Java Code\.metadata\.plugins\org.eclipse.swt\EBWebView\Default
2026-08-17 09:03:25.855: [INFO] MostRecentlyActiveProfile: name=Profile 1 path=D:\Adv Java Code\.metadata\.plugins\org.eclipse.swt\EBWebView\Default lastActive=2026-08-17T09:00:33.662Z
2026-08-17 09:03:25.855: [INFO] OnDoneLoading sync enabled: 0
2026-08-17 09:03:25.855: [INFO] BookmarkModelLoaded, ids_reassigned: 0
2026-08-17 09:03:25.855: [INFO] BookmarksLoadDropped droppedNodes=0
2026-08-17 09:03:25.855: [INFO] BookmarksSnapshot Startup total=0 bar=0 other=0 mobile=0 showBar=0 showBarNTP=1
2026-08-17 09:03:29.604: [INFO] BookmarksSnapshot Shutdown total=0 bar=0 other=0 mobile=0 showBar=0 showBarNTP=1
2026-08-17 09:03:30.497: [INFO] CurrentProfilePath: D:\Adv Java Code\.metadata\.plugins\org.eclipse.swt\EBWebView\Default
2026-08-17 09:03:30.497: [INFO] Profiles total count: 1
2026-08-17 09:03:30.497: [INFO] Profile: name=Profile 1 path=D:\Adv Java Code\.metadata\.plugins\org.eclipse.swt\EBWebView\Default lastActive=2026-08-17T09:00:33.662Z
2026-08-17 09:03:30.497: [INFO] LastUsedProfileDir: D:\Adv Java Code\.metadata\.plugins\org.eclipse.swt\EBWebView\Default
2026-08-17 09:03:30.497: [INFO] MostRecentlyActiveProfile: name=Profile 1 path=D:\Adv Java Code\.metadata\.plugins\org.eclipse.swt\EBWebView\Default lastActive=2026-08-17T09:00:33.662Z
2026-08-17 09:03:30.497: [INFO] OnDoneLoading sync enabled: 0
2026-08-17 09:03:30.497: [INFO] BookmarkModelLoaded, ids_reassigned: 0
2026-08-17 09:03:30.497: [INFO] BookmarksLoadDropped droppedNodes=0
2026-08-17 09:03:30.497: [INFO] BookmarksSnapshot Startup total=0 bar=0 other=0 mobile=0 showBar=0 showBarNTP=1
2026-08-17 09:03:34.139: [INFO] BookmarksSnapshot Shutdown total=0 bar=0 other=0 mobile=0 showBar=0 showBarNTP=1
2026-08-17 09:03:34.858: [INFO] CurrentProfilePath: D:\Adv Java Code\.metadata\.plugins\org.eclipse.swt\EBWebView\Default
2026-08-17 09:03:34.858: [INFO] Profiles total count: 1
2026-08-17 09:03:34.858: [INFO] Profile: name=Profile 1 path=D:\Adv Java Code\.metadata\.plugins\org.eclipse.swt\EBWebView\Default lastActive=2026-08-17T09:00:33.662Z
2026-08-17 09:03:34.858: [INFO] LastUsedProfileDir: D:\Adv Java Code\.metadata\.plugins\org.eclipse.swt\EBWebView\Default
2026-08-17 09:03:34.858: [INFO] MostRecentlyActiveProfile: name=Profile 1 path=D:\Adv Java Code\.metadata\.plugins\org.eclipse.swt\EBWebView\Default lastActive=2026-08-17T09:00:33.662Z
2026-08-17 09:03:34.858: [INFO] OnDoneLoading sync enabled: 0
2026-08-17 09:03:34.858: [INFO] BookmarkModelLoaded, ids_reassigned: 0
2026-08-17 09:03:34.858: [INFO] BookmarksLoadDropped droppedNodes=0
2026-08-17 09:03:34.858: [INFO] BookmarksSnapshot Startup total=0 bar=0 other=0 mobile=0 showBar=0 showBarNTP=1
2026-08-17 09:03:34.940: [INFO] BookmarksSnapshot Shutdown total=0 bar=0 other=0 mobile=0 showBar=0 showBarNTP=1
2026-08-17 09:03:35.701: [INFO] CurrentProfilePath: D:\Adv Java Code\.metadata\.plugins\org.eclipse.swt\EBWebView\Default
2026-08-17 09:03:35.701: [INFO] Profiles total count: 1
2026-08-17 09:03:35.701: [INFO] Profile: name=Profile 1 path=D:\Adv Java Code\.metadata\.plugins\org.eclipse.swt\EBWebView\Default lastActive=2026-08-17T09:00:33.662Z
2026-08-17 09:03:35.701: [INFO] LastUsedProfileDir: D:\Adv Java Code\.metadata\.plugins\org.eclipse.swt\EBWebView\Default
2026-08-17 09:03:35.701: [INFO] MostRecentlyActiveProfile: name=Profile 1 path=D:\Adv Java Code\.metadata\.plugins\org.eclipse.swt\EBWebView\Default lastActive=2026-08-17T09:00:33.662Z
2026-08-17 09:03:35.701: [INFO] OnDoneLoading sync enabled: 0
2026-08-17 09:03:35.701: [INFO] BookmarkModelLoaded, ids_reassigned: 0
2026-08-17 09:03:35.701: [INFO] BookmarksLoadDropped droppedNodes=0
2026-08-17 09:03:35.701: [INFO] BookmarksSnapshot Startup total=0 bar=0 other=0 mobile=0 showBar=0 showBarNTP=1
2026-08-17 09:03:39.198: [INFO] BookmarksSnapshot Shutdown total=0 bar=0 other=0 mobile=0 showBar=0 showBarNTP=1
